  1.00000000E-06 -2.42301429E+00  3.46410162E+12  1.38564065E+13  3.11769145E+13  5.54256258E+13
  1.25314281E-01 -5.94608992E+00  2.14645775E+02  8.76421369E+02  1.97938069E+03  3.52352374E+03
  2.50627561E-01 -5.79003493E+00  4.93583713E+01  2.14803590E+02  4.90545621E+02  8.76584465E+02
  3.75940842E-01 -5.54749729E+00  1.89629707E+01  9.24943746E+01  2.15046714E+02  3.86619990E+02
  5.01254123E-01 -5.24061112E+00  8.54654545E+00  4.99080152E+01  1.18843798E+02  2.15353894E+02
  6.26567404E-01 -4.89364143E+00  3.93014573E+00  3.04015078E+01  7.45204437E+01  1.36286955E+02
  7.51880684E-01 -4.52919033E+00  1.59844213E+00  1.99813452E+01  5.06195092E+01  9.35129435E+01
  8.77193965E-01 -4.16576655E+00  3.36164972E-01  1.38419928E+01  3.63516626E+01  6.78652225E+01
  1.00250725E+00 -3.81683990E+00 -3.70064566E-01  9.97040328E+00  2.72043383E+01  5.13319265E+01
  1.12782053E+00 -3.49103327E+00 -7.67707353E-01  7.40274403E+00  2.10195838E+01  4.00833870E+01
  1.25313381E+00 -3.19295306E+00 -9.87193161E-01  5.63139240E+00  1.66608012E+01  3.21025293E+01
  1.37844709E+00 -2.92423040E+00 -1.10158129E+00  4.36945611E+00  1.34841957E+01  2.62460206E+01
  1.50376037E+00 -2.68450089E+00 -1.15353246E+00  3.44583288E+00  1.11038808E+01  2.18274358E+01
  1.62907365E+00 -2.47219601E+00 -1.16867792E+00  2.75407592E+00  9.27784002E+00  1.84151390E+01
  1.75438693E+00 -2.28511872E+00 -1.16271891E+00  2.22565448E+00  7.84852943E+00  1.57271482E+01
  1.87970021E+00 -2.12082767E+00 -1.14539099E+00  1.81515778E+00  6.71012824E+00  1.35732295E+01
  2.00501349E+00 -1.97687357E+00 -1.12275944E+00  1.49172502E+00  5.78961448E+00  1.18214590E+01
  2.13032677E+00 -1.85093159E+00 -1.09858406E+00  1.23389346E+00  5.03539373E+00  1.03781271E+01
  2.25564005E+00 -1.74086570E+00 -1.07514837E+00  1.02640532E+00  4.41023623E+00  9.17524694E+00
  2.38095333E+00 -1.64475156E+00 -1.05377340E+00  8.58178929E-01  3.88676335E+00  8.16255604E+00
  2.50626661E+00 -1.56087595E+00 -1.03514365E+00  7.20993332E-01  3.44449107E+00  7.30226302E+00
  2.63157989E+00 -1.48772408E+00 -1.01952000E+00  6.08622228E-01  3.06785041E+00  6.56551706E+00
  2.75689318E+00 -1.42396174E+00 -1.00688396E+00  5.16256952E-01  2.74483588E+00  5.92998655E+00
  2.88220646E+00 -1.36841606E+00 -9.97039386E-01  4.40118507E-01  2.46606620E+00  5.37816751E+00
  3.00751974E+00 -1.32005693E+00 -9.89686252E-01  3.77194215E-01  2.22412080E+00  4.89618189E+00
  3.13283302E+00 -1.27797988E+00 -9.84474709E-01  3.25056511E-01  2.01306405E+00  4.47291061E+00
  3.25814630E+00 -1.24139091E+00 -9.81043939E-01  2.81735533E-01  1.82809937E+00  4.09935915E+00
  3.38345958E+00 -1.20959305E+00 -9.79048638E-01  2.45626739E-01  1.66531428E+00  3.76818727E+00
  3.50877286E+00 -1.18197470E+00 -9.78175444E-01  2.15421383E-01  1.52149023E+00  3.47335599E+00
  3.63408614E+00 -1.15799939E+00 -9.78151447E-01  1.90052224E-01  1.39395907E+00  3.20985974E+00
  3.75939942E+00 -1.13719683E+00 -9.78746877E-01  1.68649855E-01  1.28049343E+00  2.97352079E+00
  3.88471270E+00 -1.11915509E+00 -9.79773831E-01  1.50506900E-01  1.17922212E+00  2.76083004E+00
  4.01002598E+00 -1.10351370E+00 -9.81082615E-01  1.35048375E-01  1.08856417E+00  2.56882255E+00
  4.13533926E+00 -1.08995754E+00 -9.82556896E-01  1.21807141E-01  1.00717692E+00  2.39497935E+00
  4.26065254E+00 -1.07821149E+00 -9.84108498E-01  1.10403614E-01  9.33914723E-01  2.23714938E+00
  4.38596582E+00 -1.06803557E+00 -9.85672364E-01  1.00529102E-01  8.67795891E-01  2.09348694E+00
  4.51127911E+00 -1.05922077E+00 -9.87202000E-01  9.19321849E-02  8.07975920E-01  1.96240130E+00
  4.63659239E+00 -1.05158521E+00 -9.88665508E-01  8.44076566E-02  7.53725731E-01  1.84251563E+00
  4.76190567E+00 -1.04497084E+00 -9.90042262E-01  7.77875807E-02  7.04413801E-01  1.73263363E+00
  4.88721895E+00 -1.03924041E+00 -9.91320172E-01  7.19340878E-02  6.59491419E-01  1.63171193E+00
  5.01253223E+00 -1.03427490E+00 -9.92493485E-01  6.67335876E-02  6.18480446E-01  1.53883735E+00
  5.13784551E+00 -1.02997113E+00 -9.93561056E-01  6.20921282E-02  5.80963092E-01  1.45320805E+00
  5.26315879E+00 -1.02623978E+00 -9.94524982E-01  5.79316758E-02  5.46573352E-01  1.37411770E+00
  5.38847207E+00 -1.02300353E+00 -9.95389570E-01  5.41871339E-02  5.14989785E-01  1.30094227E+00
  5.51378535E+00 -1.02019549E+00 -9.96160542E-01  5.08039524E-02  4.85929411E-01  1.23312889E+00
  5.63909863E+00 -1.01775785E+00 -9.96844447E-01  4.77362074E-02  4.59142533E-01  1.17018639E+00
  5.76441191E+00 -1.01564063E+00 -9.97448230E-01  4.49450567E-02  4.34408326E-01  1.11167735E+00
  5.88972519E+00 -1.01380064E+00 -9.97978918E-01  4.23974943E-02  4.11531074E-01  1.05721120E+00
  6.01503847E+00 -1.01220057E+00 -9.98443403E-01  4.00653431E-02  3.90336947E-01  1.00643846E+00
  6.14035175E+00 -1.01080819E+00 -9.98848294E-01  3.79244387E-02  3.70671234E-01  9.59045660E-01
  6.26566504E+00 -1.00959563E+00 -9.99199823E-01  3.59539649E-02  3.52395961E-01  9.14751081E-01
  6.39097832E+00 -1.00853884E+00 -9.99503792E-01  3.41359118E-02  3.35387841E-01  8.73300996E-01
  6.51629160E+00 -1.00761703E+00 -9.99765542E-01  3.24546316E-02  3.19536495E-01  8.34466452E-01
  6.64160488E+00 -1.00681223E+00 -9.99989953E-01  3.08964734E-02  3.04742916E-01  7.98040464E-01
  6.76691816E+00 -1.00610891E+00 -1.00018145E+00  2.94494813E-02  2.90918138E-01  7.63835574E-01
  6.89223144E+00 -1.00549363E+00 -1.00034402E+00  2.81031453E-02  2.77982069E-01  7.31681713E-01
  7.01754472E+00 -1.00495478E+00 -1.00048123E+00  2.68481928E-02  2.65862484E-01  7.01424334E-01
  7.14285800E+00 -1.00448231E+00 -1.00059630E+00  2.56764149E-02  2.54494141E-01  6.72922772E-01
  7.26817128E+00 -1.00406752E+00 -1.00069205E+00  2.45805212E-02  2.43818005E-01  6.46048800E-01
  7.39348456E+00 -1.00370289E+00 -1.00077100E+00  2.35540163E-02  2.33780575E-01  6.20685355E-01
  7.51879784E+00 -1.00338189E+00 -1.00083539E+00  2.25910968E-02  2.24333284E-01  5.96725416E-01
  7.64411112E+00 -1.00309888E+00 -1.00088718E+00  2.16865624E-02  2.15431980E-01  5.74071005E-01
  7.76942440E+00 -1.00284896E+00 -1.00092809E+00  2.08357414E-02  2.07036464E-01  5.52632305E-01
  7.89473768E+00 -1.00262788E+00 -1.00095963E+00  2.00344262E-02  1.99110079E-01  5.32326873E-01
  8.02005096E+00 -1.00243197E+00 -1.00098315E+00  1.92788182E-02  1.91619354E-01  5.13078940E-01
  8.14536425E+00 -1.00225802E+00 -1.00099978E+00  1.85654802E-02  1.84533683E-01  4.94818787E-01
  8.27067753E+00 -1.00210326E+00 -1.00101056E+00  1.78912954E-02  1.77825044E-01  4.77482188E-01
  8.39599081E+00 -1.00196529E+00 -1.00101635E+00  1.72534315E-02  1.71467741E-01  4.61009905E-01
  8.52130409E+00 -1.00184200E+00 -1.00101792E+00  1.66493100E-02  1.65438189E-01  4.45347246E-01
  8.64661737E+00 -1.00173158E+00 -1.00101594E+00  1.60765789E-02  1.59714706E-01  4.30443659E-01
  8.77193065E+00 -1.00163245E+00 -1.00101098E+00  1.55330890E-02  1.54277340E-01  4.16252368E-01
  8.89724393E+00 -1.00154323E+00 -1.00100353E+00  1.50168730E-02  1.49107708E-01  4.02730049E-01
  9.02255721E+00 -1.00146272E+00 -1.00099404E+00  1.45261274E-02  1.44188850E-01  3.89836538E-01
  9.14787049E+00 -1.00138987E+00 -1.00098287E+00  1.40591959E-02  1.39505104E-01  3.77534558E-01
  9.27318377E+00 -1.00132377E+00 -1.00097033E+00  1.36145555E-02  1.35041992E-01  3.65789484E-01
  9.39849705E+00 -1.00126363E+00 -1.00095670E+00  1.31908034E-02  1.30786112E-01  3.54569124E-01
  9.52381033E+00 -1.00120876E+00 -1.00094222E+00  1.27866460E-02  1.26725048E-01  3.43843518E-01
  9.64912361E+00 -1.00115854E+00 -1.00092709E+00  1.24008887E-02  1.22847284E-01  3.33584764E-01
  9.77443689E+00 -1.00111246E+00 -1.00091146E+00  1.20324267E-02  1.19142130E-01  3.23766850E-01
  9.89975018E+00 -1.00107005E+00 -1.00089550E+00  1.16802374E-02  1.15599650E-01  3.14365508E-01
  1.00250635E+01 -1.00103090E+00 -1.00087932E+00  1.13433727E-02  1.12210603E-01  3.05358076E-01
  1.01503767E+01 -1.00099465E+00 -1.00086302E+00  1.10209530E-02  1.08966386E-01  2.96723379E-01
  1.02756900E+01 -1.00096101E+00 -1.00084670E+00  1.07121608E-02  1.05858980E-01  2.88441612E-01
  1.04010033E+01 -1.00092969E+00 -1.00083042E+00  1.04162361E-02  1.02880906E-01  2.80494240E-01
  1.05263166E+01 -1.00090045E+00 -1.00081425E+00  1.01324710E-02  1.00025183E-01  2.72863899E-01
  1.06516299E+01 -1.00087309E+00 -1.00079823E+00  9.86020598E-03  9.72852876E-02  2.65534318E-01
  1.07769431E+01 -1.00084741E+00 -1.00078240E+00  9.59882562E-03  9.46551194E-02  2.58490230E-01
  1.09022564E+01 -1.00082326E+00 -1.00076681E+00  9.34775526E-03  9.21289697E-02  2.51717307E-01
  1.10275697E+01 -1.00080050E+00 -1.00075147E+00  9.10645776E-03  8.97014914E-02  2.45202090E-01
  1.11528830E+01 -1.00077898E+00 -1.00073641E+00  8.87443061E-03  8.73676726E-02  2.38931927E-01
  1.12781963E+01 -1.00075861E+00 -1.00072163E+00  8.65120324E-03  8.51228115E-02  2.32894918E-01
  1.14035095E+01 -1.00073927E+00 -1.00070716E+00  8.43633467E-03  8.29624944E-02  2.27079865E-01
  1.15288228E+01 -1.00072089E+00 -1.00069300E+00  8.22941124E-03  8.08825749E-02  2.21476218E-01
  1.16541361E+01 -1.00070338E+00 -1.00067916E+00  8.03004463E-03  7.88791547E-02  2.16074038E-01
  1.17794494E+01 -1.00068667E+00 -1.00066564E+00  7.83787004E-03  7.69485665E-02  2.10863950E-01
  1.19047627E+01 -1.00067070E+00 -1.00065244E+00  7.65254444E-03  7.50873578E-02  2.05837111E-01
  1.20300759E+01 -1.00065541E+00 -1.00063955E+00  7.47374508E-03  7.32922761E-02  2.00985170E-01
  1.21553892E+01 -1.00064076E+00 -1.00062699E+00  7.30116804E-03  7.15602554E-02  1.96300239E-01
  1.22807025E+01 -1.00062670E+00 -1.00061474E+00  7.13452693E-03  6.98884036E-02  1.91774864E-01
  1.24060158E+01 -1.00061318E+00 -1.00060279E+00  6.97355170E-03  6.82739908E-02  1.87401992E-01
  1.25313291E+01 -1.00060018E+00 -1.00059116E+00  6.81798749E-03  6.67144389E-02  1.83174952E-01
  1.26566424E+01 -1.00058765E+00 -1.00057982E+00  6.66759368E-03  6.52073114E-02  1.79087428E-01
  1.27819556E+01 -1.00057557E+00 -1.00056877E+00  6.52214289E-03  6.37503044E-02  1.75133435E-01
  1.29072689E+01 -1.00056392E+00 -1.00055801E+00  6.38142014E-03  6.23412381E-02  1.71307302E-01
  1.30325822E+01 -1.00055266E+00 -1.00054753E+00  6.24522204E-03  6.09780487E-02  1.67603652E-01
  1.31578955E+01 -1.00054178E+00 -1.00053732E+00  6.11335604E-03  5.96587816E-02  1.64017383E-01
  1.32832088E+01 -1.00053125E+00 -1.00052738E+00  5.98563976E-03  5.83815842E-02  1.60543651E-01
  1.34085220E+01 -1.00052105E+00 -1.00051769E+00  5.86190033E-03  5.71446999E-02  1.57177859E-01
  1.35338353E+01 -1.00051118E+00 -1.00050826E+00  5.74197383E-03  5.59464619E-02  1.53915635E-01
  1.36591486E+01 -1.00050160E+00 -1.00049907E+00  5.62570468E-03  5.47852882E-02  1.50752827E-01
  1.37844619E+01 -1.00049231E+00 -1.00049011E+00  5.51294522E-03  5.36596763E-02  1.47685484E-01
  1.39097752E+01 -1.00048330E+00 -1.00048139E+00  5.40355516E-03  5.25681984E-02  1.44709848E-01
  1.40350884E+01 -1.00047455E+00 -1.00047289E+00  5.29740116E-03  5.15094972E-02  1.41822341E-01
  1.41604017E+01 -1.00046604E+00 -1.00046460E+00  5.19435645E-03  5.04822818E-02  1.39019556E-01
  1.42857150E+01 -1.00045778E+00 -1.00045653E+00  5.09430041E-03  4.94853237E-02  1.36298247E-01
  1.44110283E+01 -1.00044974E+00 -1.00044866E+00  4.99711821E-03  4.85174533E-02  1.33655320E-01
  1.45363416E+01 -1.00044193E+00 -1.00044098E+00  4.90270053E-03  4.75775567E-02  1.31087826E-01
  1.46616548E+01 -1.00043432E+00 -1.00043350E+00  4.81094319E-03  4.66645725E-02  1.28592951E-01
  1.47869681E+01 -1.00042691E+00 -1.00042620E+00  4.72174688E-03  4.57774888E-02  1.26168008E-01
  1.49122814E+01 -1.00041970E+00 -1.00041908E+00  4.63501690E-03  4.49153404E-02  1.23810434E-01
  1.50375947E+01 -1.00041268E+00 -1.00041214E+00  4.55066290E-03  4.40772065E-02  1.21517781E-01
  1.51629080E+01 -1.00040583E+00 -1.00040537E+00  4.46859863E-03  4.32622083E-02  1.19287708E-01
  1.52882212E+01 -1.00039916E+00 -1.00039876E+00  4.38874173E-03  4.24695063E-02  1.17117981E-01
  1.54135345E+01 -1.00039266E+00 -1.00039230E+00  4.31101351E-03  4.16982988E-02  1.15006459E-01
  1.55388478E+01 -1.00038631E+00 -1.00038601E+00  4.23533879E-03  4.09478194E-02  1.12951100E-01
  1.56641611E+01 -1.00038012E+00 -1.00037986E+00  4.16164567E-03  4.02173356E-02  1.10949944E-01
  1.57894744E+01 -1.00037408E+00 -1.00037385E+00  4.08986536E-03  3.95061465E-02  1.09001120E-01
  1.59147876E+01 -1.00036819E+00 -1.00036799E+00  4.01993207E-03  3.88135818E-02  1.07102833E-01
  1.60401009E+01 -1.00036244E+00 -1.00036226E+00  3.95178279E-03  3.81389998E-02  1.05253365E-01
  1.61654142E+01 -1.00035682E+00 -1.00035667E+00  3.88535720E-03  3.74817858E-02  1.03451069E-01
  1.62907275E+01 -1.00035133E+00 -1.00035120E+00  3.82059751E-03  3.68413515E-02  1.01694367E-01
  1.64160408E+01 -1.00034597E+00 -1.00034586E+00  3.75744833E-03  3.62171328E-02  9.99817457E-02
  1.65413541E+01 -1.00034073E+00 -1.00034063E+00  3.69585656E-03  3.56085892E-02  9.83117536E-02
  1.66666673E+01 -1.00033561E+00 -1.00033553E+00  3.63577127E-03  3.50152022E-02  9.66829976E-02
  1.67919806E+01 -1.00033061E+00 -1.00033053E+00  3.57714362E-03  3.44364748E-02  9.50941409E-02
  1.69172939E+01 -1.00032572E+00 -1.00032565E+00  3.51992672E-03  3.38719298E-02  9.35438999E-02
  1.70426072E+01 -1.00032093E+00 -1.00032088E+00  3.46407555E-03  3.33211095E-02  9.20310418E-02
  1.71679205E+01 -1.00031626E+00 -1.00031621E+00  3.40954690E-03  3.27835740E-02  9.05543824E-02
  1.72932337E+01 -1.00031168E+00 -1.00031164E+00  3.35629922E-03  3.22589013E-02  8.91127834E-02
  1.74185470E+01 -1.00030720E+00 -1.00030717E+00  3.30429262E-03  3.17466856E-02  8.77051508E-02
  1.75438603E+01 -1.00030282E+00 -1.00030279E+00  3.25348873E-03  3.12465371E-02  8.63304326E-02
  1.76691736E+01 -1.00029853E+00 -1.00029851E+00  3.20385066E-03  3.07580810E-02  8.49876168E-02
  1.77944869E+01 -1.00029434E+00 -1.00029431E+00  3.15534294E-03  3.02809568E-02  8.36757298E-02
  1.79198001E+01 -1.00029023E+00 -1.00029021E+00  3.10793143E-03  2.98148179E-02  8.23938348E-02
  1.80451134E+01 -1.00028620E+00 -1.00028619E+00  3.06158326E-03  2.93593308E-02  8.11410296E-02
  1.81704267E+01 -1.00028227E+00 -1.00028225E+00  3.01626681E-03  2.89141743E-02  7.99164458E-02
  1.82957400E+01 -1.00027841E+00 -1.00027839E+00  2.97195161E-03  2.84790393E-02  7.87192467E-02
  1.84210533E+01 -1.00027463E+00 -1.00027461E+00  2.92860832E-03  2.80536284E-02  7.75486264E-02
  1.85463665E+01 -1.00027092E+00 -1.00027091E+00  2.88620865E-03  2.76376546E-02  7.64038081E-02
  1.86716798E+01 -1.00026729E+00 -1.00026728E+00  2.84472537E-03  2.72308417E-02  7.52840430E-02
  1.87969931E+01 -1.00026374E+00 -1.00026373E+00  2.80413219E-03  2.68329236E-02  7.41886092E-02
  1.89223064E+01 -1.00026025E+00 -1.00026024E+00  2.76440377E-03  2.64436434E-02  7.31168104E-02
  1.90476197E+01 -1.00025683E+00 -1.00025683E+00  2.72551568E-03  2.60627536E-02  7.20679749E-02
  1.91729329E+01 -1.00025348E+00 -1.00025348E+00  2.68744433E-03  2.56900156E-02  7.10414546E-02
  1.92982462E+01 -1.00025020E+00 -1.00025020E+00  2.65016696E-03  2.53251989E-02  7.00366240E-02
  1.94235595E+01 -1.00024698E+00 -1.00024697E+00  2.61366161E-03  2.49680813E-02  6.90528791E-02
  1.95488728E+01 -1.00024382E+00 -1.00024382E+00  2.57790706E-03  2.46184482E-02  6.80896368E-02
  1.96741861E+01 -1.00024072E+00 -1.00024072E+00  2.54288281E-03  2.42760924E-02  6.71463338E-02
  1.97994994E+01 -1.00023768E+00 -1.00023768E+00  2.50856909E-03  2.39408139E-02  6.62224262E-02
  1.99248126E+01 -1.00023470E+00 -1.00023469E+00  2.47494675E-03  2.36124194E-02  6.53173880E-02
  2.00501259E+01 -1.00023177E+00 -1.00023177E+00  2.44199732E-03  2.32907222E-02  6.44307111E-02
  2.01754392E+01 -1.00022890E+00 -1.00022889E+00  2.40970291E-03  2.29755418E-02  6.35619043E-02
  2.03007525E+01 -1.00022608E+00 -1.00022607E+00  2.37804626E-03  2.26667037E-02  6.27104925E-02
  2.04260658E+01 -1.00022331E+00 -1.00022331E+00  2.34701065E-03  2.23640394E-02  6.18760164E-02
  2.05513790E+01 -1.00022059E+00 -1.00022059E+00  2.31657990E-03  2.20673858E-02  6.10580315E-02
  2.06766923E+01 -1.00021792E+00 -1.00021792E+00  2.28673838E-03  2.17765850E-02  6.02561079E-02
  2.08020056E+01 -1.00021530E+00 -1.00021530E+00  2.25747094E-03  2.14914844E-02  5.94698294E-02
  2.09273189E+01 -1.00021273E+00 -1.00021273E+00  2.22876292E-03  2.12119364E-02  5.86987931E-02
  2.10526322E+01 -1.00021020E+00 -1.00021020E+00  2.20060013E-03  2.09377980E-02  5.79426092E-02
  2.11779454E+01 -1.00020772E+00 -1.00020772E+00  2.17296882E-03  2.06689308E-02  5.72009000E-02
  2.13032587E+01 -1.00020528E+00 -1.00020528E+00  2.14585569E-03  2.04052008E-02  5.64732997E-02
  2.14285720E+01 -1.00020289E+00 -1.00020289E+00  2.11924783E-03  2.01464781E-02  5.57594540E-02
  2.15538853E+01 -1.00020053E+00 -1.00020053E+00  2.09313275E-03  1.98926372E-02  5.50590196E-02
  2.16791986E+01 -1.00019822E+00 -1.00019822E+00  2.06749833E-03  1.96435561E-02  5.43716638E-02
  2.18045118E+01 -1.00019594E+00 -1.00019594E+00  2.04233283E-03  1.93991168E-02  5.36970641E-02
  2.19298251E+01 -1.00019371E+00 -1.00019371E+00  2.01762485E-03  1.91592049E-02  5.30349077E-02
  2.20551384E+01 -1.00019151E+00 -1.00019151E+00  1.99336337E-03  1.89237095E-02  5.23848916E-02
  2.21804517E+01 -1.00018935E+00 -1.00018935E+00  1.96953766E-03  1.86925230E-02  5.17467217E-02
  2.23057650E+01 -1.00018723E+00 -1.00018723E+00  1.94613734E-03  1.84655412E-02  5.11201128E-02
  2.24310782E+01 -1.00018514E+00 -1.00018514E+00  1.92315232E-03  1.82426629E-02  5.05047882E-02
  2.25563915E+01 -1.00018309E+00 -1.00018309E+00  1.90057282E-03  1.80237898E-02  4.99004794E-02
  2.26817048E+01 -1.00018107E+00 -1.00018107E+00  1.87838934E-03  1.78088268E-02  4.93069257E-02
  2.28070181E+01 -1.00017909E+00 -1.00017908E+00  1.85659265E-03  1.75976815E-02  4.87238742E-02
  2.29323314E+01 -1.00017713E+00 -1.00017713E+00  1.83517381E-03  1.73902641E-02  4.81510793E-02
  2.30576446E+01 -1.00017521E+00 -1.00017521E+00  1.81412412E-03  1.71864875E-02  4.75883025E-02
  2.31829579E+01 -1.00017332E+00 -1.00017332E+00  1.79343512E-03  1.69862671E-02  4.70353123E-02
  2.33082712E+01 -1.00017146E+00 -1.00017146E+00  1.77309862E-03  1.67895208E-02  4.64918835E-02
  2.34335845E+01 -1.00016963E+00 -1.00016963E+00  1.75310663E-03  1.65961688E-02  4.59577978E-02
  2.35588978E+01 -1.00016783E+00 -1.00016783E+00  1.73345142E-03  1.64061336E-02  4.54328425E-02
  2.36842111E+01 -1.00016606E+00 -1.00016606E+00  1.71412544E-03  1.62193398E-02  4.49168115E-02
  2.38095243E+01 -1.00016431E+00 -1.00016431E+00  1.69512137E-03  1.60357144E-02  4.44095040E-02
  2.39348376E+01 -1.00016260E+00 -1.00016259E+00  1.67643209E-03  1.58551860E-02  4.39107250E-02
  2.40601509E+01 -1.00016090E+00 -1.00016090E+00  1.65805069E-03  1.56776856E-02  4.34202849E-02
  2.41854642E+01 -1.00015924E+00 -1.00015924E+00  1.63997041E-03  1.55031459E-02  4.29379993E-02
  2.43107775E+01 -1.00015760E+00 -1.00015760E+00  1.62218472E-03  1.53315015E-02  4.24636888E-02
  2.44360907E+01 -1.00015599E+00 -1.00015599E+00  1.60468724E-03  1.51626888E-02  4.19971791E-02
  2.45614040E+01 -1.00015440E+00 -1.00015440E+00  1.58747176E-03  1.49966460E-02  4.15383003E-02
  2.46867173E+01 -1.00015284E+00 -1.00015284E+00  1.57053226E-03  1.48333129E-02  4.10868873E-02
  2.48120306E+01 -1.00015129E+00 -1.00015129E+00  1.55386284E-03  1.46726308E-02  4.06427795E-02
  2.49373439E+01 -1.00014978E+00 -1.00014978E+00  1.53745781E-03  1.45145428E-02  4.02058203E-02
  2.50626571E+01 -1.00014828E+00 -1.00014828E+00  1.52131158E-03  1.43589935E-02  3.97758576E-02
  2.51879704E+01 -1.00014681E+00 -1.00014681E+00  1.50541873E-03  1.42059288E-02  3.93527431E-02
  2.53132837E+01 -1.00014536E+00 -1.00014536E+00  1.48977399E-03  1.40552962E-02  3.89363323E-02
  2.54385970E+01 -1.00014393E+00 -1.00014393E+00  1.47437220E-03  1.39070445E-02  3.85264848E-02
  2.55639103E+01 -1.00014252E+00 -1.00014252E+00  1.45920837E-03  1.37611237E-02  3.81230636E-02
  2.56892235E+01 -1.00014113E+00 -1.00014113E+00  1.44427759E-03  1.36174854E-02  3.77259354E-02
  2.58145368E+01 -1.00013977E+00 -1.00013977E+00  1.42957513E-03  1.34760823E-02  3.73349702E-02
  2.59398501E+01 -1.00013842E+00 -1.00013842E+00  1.41509633E-03  1.33368682E-02  3.69500414E-02
  2.60651634E+01 -1.00013709E+00 -1.00013709E+00  1.40083668E-03  1.31997983E-02  3.65710255E-02
  2.61904767E+01 -1.00013578E+00 -1.00013578E+00  1.38679178E-03  1.30648289E-02  3.61978024E-02
  2.63157899E+01 -1.00013449E+00 -1.00013449E+00  1.37295733E-03  1.29319171E-02  3.58302549E-02
  2.64411032E+01 -1.00013322E+00 -1.00013322E+00  1.35932913E-03  1.28010216E-02  3.54682686E-02
  2.65664165E+01 -1.00013196E+00 -1.00013196E+00  1.34590311E-03  1.26721017E-02  3.51117321E-02
  2.66917298E+01 -1.00013073E+00 -1.00013072E+00  1.33267528E-03  1.25451180E-02  3.47605367E-02
  2.68170431E+01 -1.00012951E+00 -1.00012951E+00  1.31964176E-03  1.24200318E-02  3.44145766E-02
  2.69423564E+01 -1.00012830E+00 -1.00012830E+00  1.30679874E-03  1.22968056E-02  3.40737483E-02
  2.70676696E+01 -1.00012712E+00 -1.00012712E+00  1.29414255E-03  1.21754029E-02  3.37379510E-02
  2.71929829E+01 -1.00012595E+00 -1.00012595E+00  1.28166955E-03  1.20557876E-02  3.34070865E-02
  2.73182962E+01 -1.00012479E+00 -1.00012479E+00  1.26937623E-03  1.19379251E-02  3.30810586E-02
  2.74436095E+01 -1.00012366E+00 -1.00012366E+00  1.25725916E-03  1.18217813E-02  3.27597737E-02
  2.75689228E+01 -1.00012253E+00 -1.00012253E+00  1.24531497E-03  1.17073229E-02  3.24431404E-02
  2.76942360E+01 -1.00012143E+00 -1.00012143E+00  1.23354039E-03  1.15945175E-02  3.21310696E-02
  2.78195493E+01 -1.00012034E+00 -1.00012033E+00  1.22193222E-03  1.14833334E-02  3.18234741E-02
  2.79448626E+01 -1.00011926E+00 -1.00011926E+00  1.21048733E-03  1.13737399E-02  3.15202688E-02
  2.80701759E+01 -1.00011820E+00 -1.00011819E+00  1.19920267E-03  1.12657066E-02  3.12213708E-02
  2.81954892E+01 -1.00011715E+00 -1.00011715E+00  1.18807527E-03  1.11592042E-02  3.09266990E-02
  2.83208024E+01 -1.00011611E+00 -1.00011611E+00  1.17710220E-03  1.10542038E-02  3.06361743E-02
  2.84461157E+01 -1.00011509E+00 -1.00011509E+00  1.16628064E-03  1.09506775E-02  3.03497192E-02
  2.85714290E+01 -1.00011408E+00 -1.00011408E+00  1.15560779E-03  1.08485977E-02  3.00672582E-02
  2.86967423E+01 -1.00011309E+00 -1.00011309E+00  1.14508094E-03  1.07479377E-02  2.97887175E-02
  2.88220556E+01 -1.00011211E+00 -1.00011210E+00  1.13469744E-03  1.06486712E-02  2.95140251E-02
  2.89473688E+01 -1.00011114E+00 -1.00011114E+00  1.12445469E-03  1.05507728E-02  2.92431104E-02
  2.90726821E+01 -1.00011018E+00 -1.00011018E+00  1.11435016E-03  1.04542173E-02  2.89759046E-02
  2.91979954E+01 -1.00010924E+00 -1.00010924E+00  1.10438138E-03  1.03589803E-02  2.87123404E-02
  2.93233087E+01 -1.00010830E+00 -1.00010830E+00  1.09454591E-03  1.02650380E-02  2.84523520E-02
  2.94486220E+01 -1.00010738E+00 -1.00010738E+00  1.08484139E-03  1.01723671E-02  2.81958752E-02
  2.95739352E+01 -1.00010648E+00 -1.00010647E+00  1.07526550E-03  1.00809447E-02  2.79428469E-02
  2.96992485E+01 -1.00010558E+00 -1.00010558E+00  1.06581598E-03  9.99074841E-03  2.76932059E-02
  2.98245618E+01 -1.00010469E+00 -1.00010469E+00  1.05649061E-03  9.90175655E-03  2.74468919E-02
  2.99498751E+01 -1.00010382E+00 -1.00010382E+00  1.04728722E-03  9.81394774E-03  2.72038461E-02
  3.00751884E+01 -1.00010295E+00 -1.00010295E+00  1.03820370E-03  9.72730112E-03  2.69640112E-02
  3.02005016E+01 -1.00010210E+00 -1.00010210E+00  1.02923796E-03  9.64179628E-03  2.67273308E-02
  3.03258149E+01 -1.00010126E+00 -1.00010126E+00  1.02038799E-03  9.55741326E-03  2.64937499E-02
  3.04511282E+01 -1.00010043E+00 -1.00010042E+00  1.01165178E-03  9.47413254E-03  2.62632147E-02
  3.05764415E+01 -1.00009960E+00 -1.00009960E+00  1.00302741E-03  9.39193502E-03  2.60356726E-02
  3.07017548E+01 -1.00009879E+00 -1.00009879E+00  9.94512957E-04  9.31080200E-03  2.58110721E-02
  3.08270681E+01 -1.00009799E+00 -1.00009799E+00  9.86106573E-04  9.23071520E-03  2.55893626E-02
  3.09523813E+01 -1.00009720E+00 -1.00009720E+00  9.77806431E-04  9.15165671E-03  2.53704949E-02
  3.10776946E+01 -1.00009642E+00 -1.00009641E+00  9.69610747E-04  9.07360902E-03  2.51544206E-02
  3.12030079E+01 -1.00009564E+00 -1.00009564E+00  9.61517772E-04  8.99655498E-03  2.49410925E-02
  3.13283212E+01 -1.00009488E+00 -1.00009488E+00  9.53525798E-04  8.92047780E-03  2.47304642E-02
  3.14536345E+01 -1.00009412E+00 -1.00009412E+00  9.45633148E-04  8.84536106E-03  2.45224906E-02
  3.15789477E+01 -1.00009338E+00 -1.00009338E+00  9.37838182E-04  8.77118866E-03  2.43171271E-02
  3.17042610E+01 -1.00009264E+00 -1.00009264E+00  9.30139294E-04  8.69794485E-03  2.41143303E-02
  3.18295743E+01 -1.00009191E+00 -1.00009191E+00  9.22534909E-04  8.62561420E-03  2.39140578E-02
  3.19548876E+01 -1.00009119E+00 -1.00009119E+00  9.15023486E-04  8.55418161E-03  2.37162677E-02
  3.20802009E+01 -1.00009048E+00 -1.00009048E+00  9.07603513E-04  8.48363227E-03  2.35209194E-02
  3.22055141E+01 -1.00008978E+00 -1.00008978E+00  9.00273513E-04  8.41395170E-03  2.33279727E-02
  3.23308274E+01 -1.00008908E+00 -1.00008908E+00  8.93032034E-04  8.34512570E-03  2.31373886E-02
  3.24561407E+01 -1.00008840E+00 -1.00008839E+00  8.85877655E-04  8.27714036E-03  2.29491287E-02
  3.25814540E+01 -1.00008772E+00 -1.00008771E+00  8.78808985E-04  8.20998204E-03  2.27631553E-02
  3.27067673E+01 -1.00008705E+00 -1.00008704E+00  8.71824658E-04  8.14363741E-03  2.25794317E-02
  3.28320805E+01 -1.00008638E+00 -1.00008638E+00  8.64923337E-04  8.07809337E-03  2.23979216E-02
  3.29573938E+01 -1.00008573E+00 -1.00008572E+00  8.58103711E-04  8.01333710E-03  2.22185898E-02
  3.30827071E+01 -1.00008508E+00 -1.00008508E+00  8.51364493E-04  7.94935603E-03  2.20414016E-02
  3.32080204E+01 -1.00008444E+00 -1.00008443E+00  8.44704425E-04  7.88613785E-03  2.18663229E-02
  3.33333337E+01 -1.00008380E+00 -1.00008380E+00  8.38122271E-04  7.82367049E-03  2.16933204E-02
  3.34586469E+01 -1.00008318E+00 -1.00008317E+00  8.31616818E-04  7.76194209E-03  2.15223615E-02
  3.35839602E+01 -1.00008256E+00 -1.00008255E+00  8.25186879E-04  7.70094108E-03  2.13534141E-02
  3.37092735E+01 -1.00008194E+00 -1.00008194E+00  8.18831289E-04  7.64065605E-03  2.11864469E-02
  3.38345868E+01 -1.00008134E+00 -1.00008133E+00  8.12548904E-04  7.58107587E-03  2.10214290E-02
  3.39599001E+01 -1.00008074E+00 -1.00008073E+00  8.06338605E-04  7.52218958E-03  2.08583302E-02
  3.40852134E+01 -1.00008015E+00 -1.00008014E+00  8.00199292E-04  7.46398646E-03  2.06971209E-02
  3.42105266E+01 -1.00007956E+00 -1.00007955E+00  7.94129885E-04  7.40645600E-03  2.05377720E-02
  3.43358399E+01 -1.00007898E+00 -1.00007898E+00  7.88129328E-04  7.34958786E-03  2.03802552E-02
  3.44611532E+01 -1.00007841E+00 -1.00007840E+00  7.82196581E-04  7.29337192E-03  2.02245423E-02
  3.45864665E+01 -1.00007784E+00 -1.00007783E+00  7.76330627E-04  7.23779827E-03  2.00706061E-02
  3.47117798E+01 -1.00007728E+00 -1.00007727E+00  7.70530465E-04  7.18285714E-03  1.99184195E-02
  3.48370930E+01 -1.00007672E+00 -1.00007672E+00  7.64795114E-04  7.12853899E-03  1.97679562E-02
  3.49624063E+01 -1.00007617E+00 -1.00007617E+00  7.59123613E-04  7.07483443E-03  1.96191903E-02
  3.50877196E+01 -1.00007563E+00 -1.00007562E+00  7.53515015E-04  7.02173427E-03  1.94720964E-02
  3.52130329E+01 -1.00007509E+00 -1.00007509E+00  7.47968394E-04  6.96922947E-03  1.93266496E-02
  3.53383462E+01 -1.00007456E+00 -1.00007455E+00  7.42482838E-04  6.91731116E-03  1.91828253E-02
  3.54636594E+01 -1.00007403E+00 -1.00007403E+00  7.37057455E-04  6.86597065E-03  1.90405995E-02
  3.55889727E+01 -1.00007351E+00 -1.00007351E+00  7.31691367E-04  6.81519941E-03  1.88999487E-02
  3.57142860E+01 -1.00007300E+00 -1.00007299E+00  7.26383712E-04  6.76498904E-03  1.87608497E-02
  3.58395993E+01 -1.00007249E+00 -1.00007248E+00  7.21133644E-04  6.71533133E-03  1.86232798E-02
  3.59649126E+01 -1.00007198E+00 -1.00007198E+00  7.15940333E-04  6.66621819E-03  1.84872166E-02
  3.60902258E+01 -1.00007148E+00 -1.00007148E+00  7.10802963E-04  6.61764169E-03  1.83526382E-02
  3.62155391E+01 -1.00007099E+00 -1.00007098E+00  7.05720733E-04  6.56959405E-03  1.82195232E-02
  3.63408524E+01 -1.00007050E+00 -1.00007050E+00  7.00692856E-04  6.52206762E-03  1.80878504E-02
  3.64661657E+01 -1.00007002E+00 -1.00007001E+00  6.95718559E-04  6.47505490E-03  1.79575991E-02
  3.65914790E+01 -1.00006954E+00 -1.00006953E+00  6.90797084E-04  6.42854850E-03  1.78287489E-02
  3.67167922E+01 -1.00006906E+00 -1.00006906E+00  6.85927683E-04  6.38254119E-03  1.77012798E-02
  3.68421055E+01 -1.00006859E+00 -1.00006859E+00  6.81109626E-04  6.33702585E-03  1.75751721E-02
  3.69674188E+01 -1.00006813E+00 -1.00006812E+00  6.76342192E-04  6.29199550E-03  1.74504065E-02
  3.70927321E+01 -1.00006767E+00 -1.00006766E+00  6.71624673E-04  6.24744327E-03  1.73269641E-02
  3.72180454E+01 -1.00006721E+00 -1.00006721E+00  6.66956376E-04  6.20336243E-03  1.72048262E-02
  3.73433586E+01 -1.00006676E+00 -1.00006676E+00  6.62336617E-04  6.15974634E-03  1.70839745E-02
  3.74686719E+01 -1.00006632E+00 -1.00006631E+00  6.57764725E-04  6.11658850E-03  1.69643911E-02
  3.75939852E+01 -1.00006588E+00 -1.00006587E+00  6.53240041E-04  6.07388251E-03  1.68460583E-02
  3.77192985E+01 -1.00006544E+00 -1.00006543E+00  6.48761917E-04  6.03162210E-03  1.67289586E-02
  3.78446118E+01 -1.00006501E+00 -1.00006500E+00  6.44329715E-04  5.98980108E-03  1.66130751E-02
  3.79699251E+01 -1.00006458E+00 -1.00006457E+00  6.39942810E-04  5.94841338E-03  1.64983909E-02
  3.80952383E+01 -1.00006415E+00 -1.00006415E+00  6.35600587E-04  5.90745306E-03  1.63848897E-02
  3.82205516E+01 -1.00006373E+00 -1.00006373E+00  6.31302439E-04  5.86691423E-03  1.62725551E-02
  3.83458649E+01 -1.00006332E+00 -1.00006331E+00  6.27047772E-04  5.82679115E-03  1.61613712E-02
  3.84711782E+01 -1.00006290E+00 -1.00006290E+00  6.22836001E-04  5.78707814E-03  1.60513225E-02
  3.85964915E+01 -1.00006250E+00 -1.00006249E+00  6.18666552E-04  5.74776964E-03  1.59423934E-02
  3.87218047E+01 -1.00006209E+00 -1.00006209E+00  6.14538859E-04  5.70886018E-03  1.58345690E-02
  3.88471180E+01 -1.00006169E+00 -1.00006169E+00  6.10452365E-04  5.67034437E-03  1.57278342E-02
  3.89724313E+01 -1.00006130E+00 -1.00006129E+00  6.06406524E-04  5.63221693E-03  1.56221746E-02
  3.90977446E+01 -1.00006090E+00 -1.00006090E+00  6.02400798E-04  5.59447266E-03  1.55175756E-02
  3.92230579E+01 -1.00006051E+00 -1.00006051E+00  5.98434659E-04  5.55710643E-03  1.54140231E-02
  3.93483711E+01 -1.00006013E+00 -1.00006012E+00  5.94507586E-04  5.52011321E-03  1.53115034E-02
  3.94736844E+01 -1.00005975E+00 -1.00005974E+00  5.90619067E-04  5.48348807E-03  1.52100025E-02
  3.95989977E+01 -1.00005937E+00 -1.00005936E+00  5.86768600E-04  5.44722613E-03  1.51095072E-02
  3.97243110E+01 -1.00005900E+00 -1.00005899E+00  5.82955688E-04  5.41132262E-03  1.50100042E-02
  3.98496243E+01 -1.00005862E+00 -1.00005862E+00  5.79179845E-04  5.37577281E-03  1.49114805E-02
  3.99749375E+01 -1.00005826E+00 -1.00005825E+00  5.75440592E-04  5.34057209E-03  1.48139232E-02
  4.01002508E+01 -1.00005789E+00 -1.00005789E+00  5.71737458E-04  5.30571590E-03  1.47173198E-02
  4.02255641E+01 -1.00005753E+00 -1.00005753E+00  5.68069977E-04  5.27119976E-03  1.46216579E-02
  4.03508774E+01 -1.00005718E+00 -1.00005717E+00  5.64437695E-04  5.23701926E-03  1.45269253E-02
  4.04761907E+01 -1.00005682E+00 -1.00005681E+00  5.60840161E-04  5.20317007E-03  1.44331100E-02
  4.06015039E+01 -1.00005647E+00 -1.00005646E+00  5.57276934E-04  5.16964791E-03  1.43402002E-02
  4.07268172E+01 -1.00005612E+00 -1.00005612E+00  5.53747578E-04  5.13644860E-03  1.42481843E-02
  4.08521305E+01 -1.00005578E+00 -1.00005577E+00  5.50251665E-04  5.10356799E-03  1.41570509E-02
  4.09774438E+01 -1.00005544E+00 -1.00005543E+00  5.46788775E-04  5.07100203E-03  1.40667887E-02
  4.11027571E+01 -1.00005510E+00 -1.00005509E+00  5.43358491E-04  5.03874671E-03  1.39773867E-02
  4.12280704E+01 -1.00005477E+00 -1.00005476E+00  5.39960407E-04  5.00679810E-03  1.38888340E-02
  4.13533836E+01 -1.00005444E+00 -1.00005443E+00  5.36594119E-04  4.97515232E-03  1.38011198E-02
  4.14786969E+01 -1.00005411E+00 -1.00005410E+00  5.33259233E-04  4.94380555E-03  1.37142336E-02
  4.16040102E+01 -1.00005378E+00 -1.00005377E+00  5.29955358E-04  4.91275405E-03  1.36281650E-02
  4.17293235E+01 -1.00005346E+00 -1.00005345E+00  5.26682112E-04  4.88199411E-03  1.35429039E-02
  4.18546368E+01 -1.00005314E+00 -1.00005313E+00  5.23439116E-04  4.85152211E-03  1.34584401E-02
  4.19799500E+01 -1.00005282E+00 -1.00005281E+00  5.20225999E-04  4.82133445E-03  1.33747637E-02
  4.21052633E+01 -1.00005251E+00 -1.00005250E+00  5.17042395E-04  4.79142761E-03  1.32918650E-02
  4.22305766E+01 -1.00005219E+00 -1.00005219E+00  5.13887943E-04  4.76179812E-03  1.32097344E-02
  4.23558899E+01 -1.00005189E+00 -1.00005188E+00  5.10762288E-04  4.73244257E-03  1.31283624E-02
  4.24812032E+01 -1.00005158E+00 -1.00005157E+00  5.07665081E-04  4.70335758E-03  1.30477398E-02
  4.26065164E+01 -1.00005128E+00 -1.00005127E+00  5.04595977E-04  4.67453984E-03  1.29678572E-02
  4.27318297E+01 -1.00005098E+00 -1.00005097E+00  5.01554637E-04  4.64598610E-03  1.28887058E-02
  4.28571430E+01 -1.00005068E+00 -1.00005067E+00  4.98540728E-04  4.61769312E-03  1.28102766E-02
  4.29824563E+01 -1.00005038E+00 -1.00005037E+00  4.95553919E-04  4.58965776E-03  1.27325609E-02
  4.31077696E+01 -1.00005009E+00 -1.00005008E+00  4.92593888E-04  4.56187689E-03  1.26555500E-02
  4.32330828E+01 -1.00004980E+00 -1.00004979E+00  4.89660314E-04  4.53434745E-03  1.25792355E-02
  4.33583961E+01 -1.00004951E+00 -1.00004950E+00  4.86752883E-04  4.50706640E-03  1.25036090E-02
  4.34837094E+01 -1.00004923E+00 -1.00004921E+00  4.83871286E-04  4.48003077E-03  1.24286622E-02
  4.36090227E+01 -1.00004894E+00 -1.00004893E+00  4.81015217E-04  4.45323763E-03  1.23543870E-02
  4.37343360E+01 -1.00004866E+00 -1.00004865E+00  4.78184375E-04  4.42668409E-03  1.22807754E-02
  4.38596492E+01 -1.00004838E+00 -1.00004837E+00  4.75378464E-04  4.40036729E-03  1.22078196E-02
  4.39849625E+01 -1.00004811E+00 -1.00004810E+00  4.72597192E-04  4.37428443E-03  1.21355118E-02
  4.41102758E+01 -1.00004783E+00 -1.00004782E+00  4.69840271E-04  4.34843275E-03  1.20638443E-02
  4.42355891E+01 -1.00004756E+00 -1.00004755E+00  4.67107417E-04  4.32280953E-03  1.19928096E-02
  4.43609024E+01 -1.00004729E+00 -1.00004728E+00  4.64398352E-04  4.29741208E-03  1.19224003E-02
  4.44862156E+01 -1.00004703E+00 -1.00004702E+00  4.61712800E-04  4.27223776E-03  1.18526091E-02
  4.46115289E+01 -1.00004676E+00 -1.00004675E+00  4.59050488E-04  4.24728396E-03  1.17834287E-02
  4.47368422E+01 -1.00004650E+00 -1.00004649E+00  4.56411151E-04  4.22254811E-03  1.17148520E-02
  4.48621555E+01 -1.00004624E+00 -1.00004623E+00  4.53794524E-04  4.19802769E-03  1.16468721E-02
  4.49874688E+01 -1.00004598E+00 -1.00004597E+00  4.51200347E-04  4.17372019E-03  1.15794820E-02
  4.51127821E+01 -1.00004573E+00 -1.00004571E+00  4.48628364E-04  4.14962317E-03  1.15126750E-02
  4.52380953E+01 -1.00004547E+00 -1.00004546E+00  4.46078322E-04  4.12573420E-03  1.14464443E-02
  4.53634086E+01 -1.00004522E+00 -1.00004521E+00  4.43549973E-04  4.10205090E-03  1.13807833E-02
  4.54887219E+01 -1.00004497E+00 -1.00004496E+00  4.41043071E-04  4.07857090E-03  1.13156855E-02
  4.56140352E+01 -1.00004472E+00 -1.00004471E+00  4.38557375E-04  4.05529189E-03  1.12511446E-02
  4.57393485E+01 -1.00004448E+00 -1.00004446E+00  4.36092644E-04  4.03221158E-03  1.11871541E-02
  4.58646617E+01 -1.00004424E+00 -1.00004422E+00  4.33648645E-04  4.00932772E-03  1.11237078E-02
  4.59899750E+01 -1.00004399E+00 -1.00004398E+00  4.31225145E-04  3.98663809E-03  1.10607996E-02
  4.61152883E+01 -1.00004375E+00 -1.00004374E+00  4.28821916E-04  3.96414049E-03  1.09984233E-02
  4.62406016E+01 -1.00004352E+00 -1.00004350E+00  4.26438732E-04  3.94183276E-03  1.09365732E-02
  4.63659149E+01 -1.00004328E+00 -1.00004326E+00  4.24075370E-04  3.91971278E-03  1.08752431E-02
  4.64912281E+01 -1.00004305E+00 -1.00004303E+00  4.21731612E-04  3.89777843E-03  1.08144274E-02
  4.66165414E+01 -1.00004281E+00 -1.00004280E+00  4.19407241E-04  3.87602766E-03  1.07541202E-02
  4.67418547E+01 -1.00004258E+00 -1.00004257E+00  4.17102044E-04  3.85445842E-03  1.06943160E-02
  4.68671680E+01 -1.00004236E+00 -1.00004234E+00  4.14815811E-04  3.83306869E-03  1.06350091E-02
  4.69924813E+01 -1.00004213E+00 -1.00004211E+00  4.12548333E-04  3.81185650E-03  1.05761941E-02
  4.71177945E+01 -1.00004190E+00 -1.00004189E+00  4.10299406E-04  3.79081987E-03  1.05178655E-02
  4.72431078E+01 -1.00004168E+00 -1.00004166E+00  4.08068829E-04  3.76995688E-03  1.04600181E-02
  4.73684211E+01 -1.00004146E+00 -1.00004144E+00  4.05856401E-04  3.74926562E-03  1.04026464E-02
  4.74937344E+01 -1.00004124E+00 -1.00004122E+00  4.03661928E-04  3.72874422E-03  1.03457453E-02
  4.76190477E+01 -1.00004102E+00 -1.00004100E+00  4.01485214E-04  3.70839081E-03  1.02893097E-02
  4.77443609E+01 -1.00004080E+00 -1.00004079E+00  3.99326069E-04  3.68820358E-03  1.02333346E-02
  4.78696742E+01 -1.00004059E+00 -1.00004057E+00  3.97184304E-04  3.66818071E-03  1.01778148E-02
  4.79949875E+01 -1.00004038E+00 -1.00004036E+00  3.95059733E-04  3.64832044E-03  1.01227456E-02
  4.81203008E+01 -1.00004017E+00 -1.00004014E+00  3.92952172E-04  3.62862099E-03  1.00681220E-02
  4.82456141E+01 -1.00003996E+00 -1.00003993E+00  3.90861441E-04  3.60908065E-03  1.00139392E-02
  4.83709274E+01 -1.00003975E+00 -1.00003972E+00  3.88787360E-04  3.58969770E-03  9.96019255E-03
  4.84962406E+01 -1.00003954E+00 -1.00003952E+00  3.86729753E-04  3.57047046E-03  9.90687735E-03
  4.86215539E+01 -1.00003934E+00 -1.00003931E+00  3.84688445E-04  3.55139726E-03  9.85398899E-03
  4.87468672E+01 -1.00003913E+00 -1.00003911E+00  3.82663266E-04  3.53247647E-03  9.80152294E-03
  4.88721805E+01 -1.00003893E+00 -1.00003890E+00  3.80654046E-04  3.51370646E-03  9.74947470E-03
  4.89974938E+01 -1.00003873E+00 -1.00003870E+00  3.78660617E-04  3.49508563E-03  9.69783986E-03
  4.91228070E+01 -1.00003853E+00 -1.00003850E+00  3.76682814E-04  3.47661242E-03  9.64661405E-03
  4.92481203E+01 -1.00003833E+00 -1.00003831E+00  3.74720474E-04  3.45828526E-03  9.59579297E-03
  4.93734336E+01 -1.00003814E+00 -1.00003811E+00  3.72773437E-04  3.44010262E-03  9.54537235E-03
  4.94987469E+01 -1.00003794E+00 -1.00003791E+00  3.70841543E-04  3.42206299E-03  9.49534801E-03
  4.96240602E+01 -1.00003775E+00 -1.00003772E+00  3.68924637E-04  3.40416486E-03  9.44571581E-03
  4.97493734E+01 -1.00003756E+00 -1.00003753E+00  3.67022562E-04  3.38640676E-03  9.39647165E-03
  4.98746867E+01 -1.00003736E+00 -1.00003733E+00  3.65135167E-04  3.36878725E-03  9.34761151E-03
  5.00000000E+01 -1.00003718E+00 -1.00003714E+00  3.63262302E-04  3.35130486E-03  9.29913140E-03
